[2025-09-15 22:21:43.000] [INFO] [logger_test.cpp:27 main] Log to file: test_log.txt
 [2025-09-15 22:21:43.000] [ERROR] [logger_test.cpp:28 main] Exit now
 